// Jest Snapshot v1, https://goo.gl/fbAQLP

exports[`renders without crashing 1`] = `
<div>
  <span
    onClick={[Function]}
  >
    <span
      dangerouslySetInnerHTML={
        Object {
          "__html": "",
        }
      }
    />
  </span>
  <div />
</div>
`;
