// Jest Snapshot v1, https://goo.gl/fbAQLP

exports[`renders without crashing 1`] = `
Array [
  <div>
    <div
        dangerouslySetInnerHTML={
            Object {
                "__html": "<p>heading</p>
            ",
              }
        }
    />
</div>,
  <div />,
]
`;
